// Jest Snapshot v1, https://goo.gl/fbAQLP

exports[`Awesome transformer test should 1`] = `
"console.log(\\"world\\");
"
`;
